// Jest Snapshot v1, https://goo.gl/fbAQLP

exports[`AddTodoModal renders correctly 1`] = `
<RNCSafeAreaView
  edges={
    {
      "bottom": "additive",
      "left": "additive",
      "right": "additive",
      "top": "additive",
    }
  }
>
  <Modal
    animationType="slide"
    hardwareAccelerated={false}
    onRequestClose={[Function]}
    transparent={true}
    visible={true}
  >
    <View
      onLayout={[Function]}
      style={
        [
          {
            "flex": 1,
          },
          {
            "paddingBottom": 0,
          },
        ]
      }
    >
      <RCTScrollView
        keyboardShouldPersistTaps="always"
        style={
          {
            "flex": 1,
          }
        }
      >
        <View>
          <View
            accessibilityState={
              {
                "busy": undefined,
                "checked": undefined,
                "disabled": undefined,
                "expanded": undefined,
                "selected": undefined,
              }
            }
            accessible={true}
            focusable={true}
            onClick={[Function]}
            onResponderGrant={[Function]}
            onResponderMove={[Function]}
            onResponderRelease={[Function]}
            onResponderTerminate={[Function]}
            onResponderTerminationRequest={[Function]}
            onStartShouldSetResponder={[Function]}
            style={
              {
                "alignItems": "center",
                "backgroundColor": "rgba(255, 87, 51, 0.95)",
                "borderRadius": 20,
                "elevation": 5,
                "flex": 1,
                "height": 667,
                "justifyContent": "space-evenly",
                "marginTop": 667,
                "padding": 16,
                "paddingTop": 40,
                "shadowColor": "#000",
                "shadowOpacity": 0.15,
                "shadowRadius": 5,
                "width": 750,
              }
            }
          >
            <View
              style={
                {
                  "alignItems": "center",
                  "flex": 2,
                  "flexDirection": "row",
                  "justifyContent": "center",
                }
              }
            >
              <Text
                style={
                  {
                    "color": "white",
                    "fontSize": 18,
                    "fontWeight": "bold",
                    "marginTop": -38,
                  }
                }
              >
                Create Todo
              </Text>
              <View
                accessibilityState={
                  {
                    "busy": undefined,
                    "checked": undefined,
                    "disabled": undefined,
                    "expanded": undefined,
                    "selected": undefined,
                  }
                }
                accessibilityValue={
                  {
                    "max": undefined,
                    "min": undefined,
                    "now": undefined,
                    "text": undefined,
                  }
                }
                accessible={true}
                collapsable={false}
                focusable={true}
                onBlur={[Function]}
                onClick={[Function]}
                onFocus={[Function]}
                onResponderGrant={[Function]}
                onResponderMove={[Function]}
                onResponderRelease={[Function]}
                onResponderTerminate={[Function]}
                onResponderTerminationRequest={[Function]}
                onStartShouldSetResponder={[Function]}
                style={
                  {
                    "alignItems": "center",
                    "backgroundColor": "white",
                    "borderRadius": 20,
                    "height": 30,
                    "justifyContent": "center",
                    "left": 375,
                    "marginTop": -38,
                    "position": "absolute",
                    "top": 16,
                    "width": 30,
                  }
                }
              >
                <Text
                  style={
                    {
                      "color": "#FF5733",
                      "fontSize": 10,
                      "fontWeight": "bold",
                      "textAlign": "center",
                      "width": 13,
                    }
                  }
                >
                  X
                </Text>
              </View>
            </View>
            <View
              style={
                {
                  "alignItems": "center",
                  "flex": 50,
                  "justifyContent": "flex-start",
                }
              }
            >
              <View
                style={
                  {
                    "alignItems": "center",
                    "flexDirection": "row",
                    "justifyContent": "center",
                  }
                }
              >
                <Text
                  style={
                    {
                      "color": "white",
                      "flex": 2,
                      "fontSize": 14,
                      "fontWeight": "bold",
                      "textAlign": "center",
                    }
                  }
                >
                  Category:
                </Text>
                <View
                  style={
                    {
                      "flex": 4,
                      "flexDirection": "row",
                      "justifyContent": "space-evenly",
                    }
                  }
                >
                  <RCTScrollView
                    horizontal={true}
                    showsHorizontalScrollIndicator={false}
                    style={
                      {
                        "marginRight": 8,
                      }
                    }
                  >
                    <View>
                      <View
                        style={
                          {
                            "flexDirection": "row",
                            "height": 50,
                            "padding": 0,
                            "width": "100%",
                          }
                        }
                      />
                    </View>
                  </RCTScrollView>
                </View>
                <View
                  style={
                    {
                      "height": 100,
                    }
                  }
                />
              </View>
              <View
                style={
                  {
                    "alignItems": "center",
                    "flexDirection": "row",
                    "justifyContent": "center",
                  }
                }
              >
                <Text
                  style={
                    {
                      "color": "white",
                      "flex": 2,
                      "fontSize": 14,
                      "fontWeight": "bold",
                      "textAlign": "center",
                    }
                  }
                >
                  Todo Title:
                </Text>
                <TextInput
                  multiline={true}
                  numberOfLines={2}
                  onChangeText={[Function]}
                  onFocus={[Function]}
                  onSubmitEditing={[Function]}
                  returnKeyType="create"
                  style={
                    {
                      "borderColor": "white",
                      "borderRadius": 10,
                      "borderWidth": 1,
                      "color": "white",
                      "flex": 4,
                      "height": 60,
                      "justifyContent": "flex-start",
                      "margin": 8,
                      "padding": 10,
                      "verticalAlign": "top",
                      "width": 718,
                    }
                  }
                  textAlign="left"
                  textAlignVertical="top"
                  value=""
                />
              </View>
              <View
                style={
                  {
                    "flexDirection": "row",
                    "justifyContent": "space-between",
                    "margin": 8,
                    "marginTop": 16,
                  }
                }
              >
                <View
                  accessibilityState={
                    {
                      "busy": undefined,
                      "checked": undefined,
                      "disabled": undefined,
                      "expanded": undefined,
                      "selected": undefined,
                    }
                  }
                  accessibilityValue={
                    {
                      "max": undefined,
                      "min": undefined,
                      "now": undefined,
                      "text": undefined,
                    }
                  }
                  accessible={true}
                  collapsable={false}
                  focusable={true}
                  onBlur={[Function]}
                  onClick={[Function]}
                  onFocus={[Function]}
                  onResponderGrant={[Function]}
                  onResponderMove={[Function]}
                  onResponderRelease={[Function]}
                  onResponderTerminate={[Function]}
                  onResponderTerminationRequest={[Function]}
                  onStartShouldSetResponder={[Function]}
                  style={
                    [
                      {
                        "borderRadius": 20,
                        "elevation": 2,
                        "margin": 8,
                        "padding": 16,
                        "paddingHorizontal": 12,
                      },
                      {
                        "backgroundColor": "#B2361B",
                        "borderColor": "#FF5733",
                        "width": "100%",
                      },
                      {
                        "backgroundColor": "#B2361B",
                      },
                    ]
                  }
                >
                  <Text
                    style={
                      {
                        "color": "white",
                        "fontSize": 16,
                        "fontWeight": "bold",
                        "textAlign": "center",
                      }
                    }
                  >
                    Create
                  </Text>
                </View>
              </View>
            </View>
            <View
              style={
                {
                  "flexGrow": 2,
                }
              }
            />
          </View>
        </View>
      </RCTScrollView>
    </View>
  </Modal>
</RNCSafeAreaView>
`;
